128
64
32
16
8
4
2
1
9
668.5
334.25
167.125
83.5625
41.78125
20.890625
10.4453125
5.22265625
2.611328125
1.3056640625
0.65283203125
11
